F00:0001       #-------------------------------------------------------------------------
F00:0002       # VideoCore IV implementation of 1MHz handler
F00:0003       #-------------------------------------------------------------------------
F00:0004       
F00:0005       # on entry
F00:0006       # GPIO pins setup by arm
F00:0007       # Addresses passed into vc are VC based
F00:0008       # gpfsel_data_idle setup
F00:0009       
F00:0010       #  r0 - pointer to shared memory ( VC address) of 1MHz registers
F00:0011       #  r1 - pointer to data to xfer to ARM
F00:0012       #  r2 -
F00:0013       #  r3 - data outputs
F00:0014       #  r4 - debug output control
F00:0015       #  r5 - debug pin mask (0 = no debug  xx= debug pin e.g 1<<21)
F00:0016       
F00:0017       # Internal register allocation
F00:0018       #  r0 - pointer to shared memory ( VC address) of tube registers
F00:0019       #  r1 - pointer to data to xfer to ARM
F00:0020       #  r2 - unused
F00:0021       #  r3 -
F00:0022       #  r4 - debug output control
F00:0023       #  r5 - debug pin mask (0 = no debug  xx= debug pin e.g 1<<21)
F00:0024       #  r6 - GPFSEL0 constant
F00:0025       #  r7 - External nOE pin
F00:0026       #  r8 - temp
F00:0027       #  r9 - r9 Databus and test pin output select
F00:0028       # r10 - address mask
F00:0029       # r11 - (0xFF<<DATASHIFT)  # clear databus low
F00:0030       # r12 - GPIO pins value
F00:0031       # r13 - pointer to doorbell register
F00:0032       # r14 -
F00:0033       # r15 -
F00:0034       
F00:0035       # GPIO registers
F00:0036       .equ GPFSEL0,       0x7e200000
F00:0037       .equ GPFSEL0_offset, 0
F00:0038       .equ GPSET0_offset, 0x1C
F00:0039       .equ GPCLR0_offset, 0x28
F00:0040       .equ GPLEV0_offset, 0x34
F00:0041       .equ GPEDS0_offset, 0x40
F00:0042       
F00:0043       # fixed pin bit positions ( TEST passed in dynamically)
F00:0044       .equ nRST,         26
F00:0045       .equ nPCFD,        25
F00:0046       .equ nPCFC,        24
F00:0047       
F00:0048       .equ RnW,          10
F00:0049       .equ CLK,          27
F00:0050       .equ DATASHIFT,    2
F00:0051       .equ ADDRBUS_SHIFT, (16)
F00:0052       .equ OUTPUTBIT,   (15)
F00:0053       
F00:0054       .equ D7_PIN,       (9)
F00:0055       .equ D6_PIN,       (8)
F00:0056       .equ D5_PIN,       (7)
F00:0057       .equ D4_PIN,       (6)
F00:0058       .equ D3_PIN,       (5)
F00:0059       .equ D2_PIN,       (4)
F00:0060       .equ D1_PIN,       (3)
F00:0061       .equ D0_PIN,       (2)
F00:0062       
F00:0063       .equ ADDRBUS_MASK,  (0xFF<<ADDRBUS_SHIFT)
F00:0064       .equ NPCFC_MASK,    (1<<nPCFC)
F00:0065       
F00:0066       .equ Pi1MHz_MEM_RNW, (1<<9)
F00:0067       
F00:0068       .equ GPU_ARM_DBELL, 0x7E00B844
F00:0069       
F00:0070       .org 0
F00:0071       
F00:0072       # disable interrupts
F00:0073       
F00:0074         di
               S01:00000000:  05 00
F00:0075          or     r9, r3, r4       # add in test pin so that it is still enabled
               S01:00000002:  A9 C1 04 1F
F00:0076          mov    r6, GPFSEL0
               S01:00000006:  06 E8 00 00 20 7E
F00:0077          mov    r7, 1            # external nOE pin
               S01:0000000C:  17 60
F00:0078          mov    r10, ((ADDRBUS_MASK>>ADDRBUS_SHIFT) | (NPCFC_MASK>>ADDRBUS_SHIFT))>>1
               S01:0000000E:  0A E8 FF 00 00 00
F00:0079          mov    r11, (0xFF<<DATASHIFT)  # clear databus low
               S01:00000014:  0B E8 FC 03 00 00
F00:0080          mov    r13, GPU_ARM_DBELL
               S01:0000001A:  0D E8 44 B8 00 7E
F00:0081       
F00:0082       # poll for nPCFC or nPCFD being low
F00:0083       
F00:0084       Poll_loop:
F00:0085          st     r5, GPCLR0_offset(r6)  # Turn off debug signal
               S01:00000020:  65 3A
F00:0086       .balignw 4,1 # Align with nops
F00:0087       Poll_access_low:
F00:0088          ld     r12, GPLEV0_offset(r6)  # loop until we see FRED or JIM low
               S01:00000024:  6C 2D
F00:0089       
F00:0090          btst   r12, nPCFC
               S01:00000026:  8C 6D
F00:0091          btstne r12, nPCFD
               S01:00000028:  8C C1 D9 60
F00:0092          bne    Poll_access_low
               S01:0000002C:  FC 18
F00:0093       
F00:0094          st     r5, GPSET0_offset(r6)  # Debug pin
               S01:0000002E:  65 37
F00:0095       
F00:0096          btst   r12, CLK
               S01:00000030:  BC 6D
F00:0097          beq    waitforclkhigh
               S01:00000032:  08 18
F00:0098       
F00:0099       waitforclklow:                   # wait for extra half cycle to end
F00:0100          ld     r12, GPLEV0_offset(r6)
               S01:00000034:  6C 2D
F00:0101          btst   r12, nPCFC
               S01:00000036:  8C 6D
F00:0102          btstne r12, nPCFD
               S01:00000038:  8C C1 D9 60
F00:0103          bne    Poll_loop
               S01:0000003C:  F2 18
F00:0104       
F00:0105          btst   r12, CLK
               S01:0000003E:  BC 6D
F00:0106          bne    waitforclklow
               S01:00000040:  FA 18
F00:0107       
F00:0108       waitforclkhigh:
F00:0109       
F00:0110       waitforclkhighloop:
F00:0111          LSR    r8, r12,ADDRBUS_SHIFT+1
               S01:00000042:  48 C3 51 67
F00:0112          and    r8, r10                # Isolate address bus
               S01:00000046:  A8 47
F00:0113          ld     r8, (r0,r8) # get byte to write out
               S01:00000048:  08 A0 08 07
F00:0114          ld     r12, GPLEV0_offset(r6)
               S01:0000004C:  6C 2D
F00:0115          btst   r12, CLK
               S01:0000004E:  BC 6D
F00:0116          beq    waitforclkhighloop
               S01:00000050:  79 18
F00:0117       
F00:0118       # seen rising edge of CLK
F00:0119       # so address bus has now been setup
F00:0120       
F00:0121       
F00:0122          btst   r12, nPCFC
               S01:00000052:  8C 6D
F00:0123          btstne r12, nPCFD
               S01:00000054:  8C C1 D9 60
F00:0124          bne    Poll_loop
               S01:00000058:  E4 18
F00:0125       # check if we are in a read or write cycle
F00:0126       # we do this here while the read above is stalling
F00:0127          btst   r12, RnW
               S01:0000005A:  AC 6C
F00:0128          beq    writecycle
               S01:0000005C:  15 18
F00:0129       
F00:0130          btst   r12, ADDRBUS_SHIFT     # select which 16bits hold the data
               S01:0000005E:  0C 6D
F00:0131          lsrne  r8, 16 - DATASHIFT     # High 16 bits to low 16 bits with databus shift
               S01:00000060:  48 C3 CE 40
F00:0132          lsleq  r8, DATASHIFT          # low 16 bits with databus shift
               S01:00000064:  88 C3 42 40
F00:0133          btst   r8, OUTPUTBIT
               S01:00000068:  F8 6C
F00:0134          and    r8, r11     # isolate databus
               S01:0000006A:  B8 47
F00:0135       
F00:0136          st     r8, GPSET0_offset(r6)  # set up databus
               S01:0000006C:  68 37
F00:0137          beq    skipenablingbus
               S01:0000006E:  03 18
F00:0138          st     r9, GPFSEL0_offset(r6) # set databus to output ( only if it has been written to)
               S01:00000070:  69 30
F00:0139          st     r7, GPCLR0_offset(r6)  # set external output enable low
               S01:00000072:  67 3A
F00:0140        skipenablingbus:
F00:0141          st     r12, (r1)              # post data
               S01:00000074:  1C 09
F00:0142          st     r12, (r13)             # ring doorbell
               S01:00000076:  DC 09
F00:0143       
F00:0144       .balignw 4,1 # Align with nops
F00:0145       waitforclklow2loop:
F00:0146          ld     r12, GPLEV0_offset(r6)
               S01:00000078:  6C 2D
F00:0147          btst   r12, CLK
               S01:0000007A:  BC 6D
F00:0148          bne    waitforclklow2loop
               S01:0000007C:  FE 18
F00:0149       
F00:0150          st     r7, GPSET0_offset(r6)  # set external output enable high
               S01:0000007E:  67 37
F00:0151          st     r4, GPFSEL0_offset(r6) # data bus to inputs except debug
               S01:00000080:  64 30
F00:0152          st     r11, GPCLR0_offset(r6)  # clear databus low (0xFF<<DATASHIFT)
               S01:00000082:  6B 3A
F00:0153       
F00:0154          b      Poll_loop
               S01:00000084:  4E 1F
F00:0155       
F00:0156       writecycle:
F00:0157          st     r7, GPCLR0_offset(r6)  # set external output enable low
               S01:00000086:  67 3A
F00:0158       waitforclkloww2:
F00:0159          ld     r8, GPLEV0_offset(r6)
               S01:00000088:  68 2D
F00:0160          btst   r8, CLK
               S01:0000008A:  B8 6D
F00:0161          movne  r12,r8
               S01:0000008C:  0C C0 88 60
F00:0162          bne    waitforclkloww2
               S01:00000090:  FC 18
F00:0163          st     r12, (r1)         # post data
               S01:00000092:  1C 09
F00:0164          st     r12, (r13)        # ring doorbell
               S01:00000094:  DC 09
F00:0165          st     r7, GPSET0_offset(r6)  # set external output enable high
               S01:00000096:  67 37
F00:0166          b      Poll_loop
               S01:00000098:  44 1F
F00:0167       


Sections:
S01  seg0


Sources:
F00  Pi1MHzvc.s


Symbols:
waitforclkloww2 EXPR(136=0x88) ABS 
waitforclklow2loop EXPR(120=0x78) ABS 
skipenablingbus EXPR(116=0x74) ABS 
writecycle EXPR(134=0x86) ABS 
waitforclkhighloop EXPR(66=0x42) ABS 
waitforclklow EXPR(52=0x34) ABS 
waitforclkhigh EXPR(66=0x42) ABS 
Poll_access_low EXPR(36=0x24) ABS 
Poll_loop EXPR(32=0x20) ABS 
GPU_ARM_DBELL EXPR(2113976388=0x7e00b844) 
Pi1MHz_MEM_RNW EXPR(512=0x200) UNUSED 
NPCFC_MASK EXPR(16777216=0x1000000) 
ADDRBUS_MASK EXPR(16711680=0xff0000) 
D0_PIN EXPR(2=0x2) UNUSED 
D1_PIN EXPR(3=0x3) UNUSED 
D2_PIN EXPR(4=0x4) UNUSED 
D3_PIN EXPR(5=0x5) UNUSED 
D4_PIN EXPR(6=0x6) UNUSED 
D5_PIN EXPR(7=0x7) UNUSED 
D6_PIN EXPR(8=0x8) UNUSED 
D7_PIN EXPR(9=0x9) UNUSED 
OUTPUTBIT EXPR(15=0xf) 
ADDRBUS_SHIFT EXPR(16=0x10) 
DATASHIFT EXPR(2=0x2) 
CLK EXPR(27=0x1b) 
RnW EXPR(10=0xa) 
nPCFC EXPR(24=0x18) 
nPCFD EXPR(25=0x19) 
nRST EXPR(26=0x1a) UNUSED 
GPEDS0_offset EXPR(64=0x40) UNUSED 
GPLEV0_offset EXPR(52=0x34) 
GPCLR0_offset EXPR(40=0x28) 
GPSET0_offset EXPR(28=0x1c) 
GPFSEL0_offset EXPR(0=0x0) 
GPFSEL0 EXPR(2116026368=0x7e200000) 
__VASM EXPR(0=0x0) INTERNAL 

There have been no errors.
